[colab] Parsing notebook '/home/kurt/colab-runs/mace-materials-pipeline-888fe9e-fc13b9/mace_materials_colab_888fe9e_colab-cli-t4.ipynb'...
[colab] Executing cell 1/14 - Infrastructure: install the locked runtime into an isolated environment...
{'isolated_environment': '/content/dimer_isolated_env', 'isolated_python': '3.12.12', 'kernel_python': '3.13.15', 'locked_packages': 73, 'setup_seconds': 61}
[colab] Executing cell 2/14 - Infrastructure: route the remaining cells to the isolated environment...
Every later code cell now runs in /content/dimer_isolated_env/bin/python (pid 1881).
[colab] Executing cell 3/14 - Infrastructure: record the runtime...
{'notebook_source': {'repository': 'mace-materials-pipeline', 'repository_revision': '4101558ae1adc44d0ab30fd8ffa9223bc46f2899', 'embedded_module': 'src/mace_materials_pipeline/pipeline.py', 'embedded_modules': ['src/mace_materials_pipeline/metrics.py', 'src/mace_materials_pipeline/pipeline.py', 'src/mace_materials_pipeline/samples.py'], 'module_sha256': '83a374bb186e656af799aeda6586655e49773c36ec6ac4b43f0a160cc571bce0', 'generator': 'build_notebook.py/2.1', 'notebook_spec': '2.2'}, 'python': '3.12.12', 'torch': '2.14.0+cu130', 'mace': '0.3.16', 'e3nn': '0.4.4', 'ase': '3.29.0', 'cuda': True}
[colab] Executing cell 4/14 - Infrastructure: carried module `src/mace_materials_pipeline/metrics.py` (you may run it without reading it)...
[colab] Executing cell 5/14 - Infrastructure: carried module `src/mace_materials_pipeline/pipeline.py` (you may run it without reading it)...
[colab] Executing cell 6/14 - Infrastructure: carried module `src/mace_materials_pipeline/samples.py` (you may run it without reading it)...
[colab] Executing cell 7/14 - mace_materials-15...
{'model_id': 'mace-foundations/mace-mp-0', 'revision': 'e291ace2bfae073c3ebc7ae2f9479a525989baa7', 'license': 'mit', 'files': 2, 'total_bytes': 67622708}
{'weights_dir': '/content/weights/mace-mp-0b2-small', 'fetched': ['README.md', 'mace-mp-0b2-small.model']}
{'verified_files': 2, 'revision': 'e291ace2bfae073c3ebc7ae2f9479a525989baa7'}
{'pickle_audit': {'nested_archives': 18, 'fx_code_strings': 28, 'import_blocks': 10, 'torchscript_sources': 30, 'generated_code_import_lines': ['NoneType = type(None)', 'from math import inf', 'from math import nan', 'from torch import device', 'import torch', 'import torch.fx._pytree as fx_pytree', 'import torch.utils._pytree as pytree'], 'violations': [], 'audit_sha256': '9bb150f1ecc9212e594313ba0ef9aa4884b7634dfc8a11da8cbe0c9ebf70d1e5'}, 'global_count': 61}
/content/dimer_isolated_env/lib/python3.12/site-packages/e3nn/o3/_wigner.py:10: UserWarning: Environment variable TORCH_FORCE_NO_WEIGHTS_ONLY_LOAD detected, since the`weights_only` argument was not explicitly passed to `torch.load`, forcing weights_only=False.
  _Jd, _W3j_flat, _W3j_indices = torch.load(os.path.join(os.path.dirname(__file__), 'constants.pt'))
/content/dimer_isolated_env/lib/python3.12/site-packages/torch/jit/_script.py:1491: FutureWarning: `torch.jit.script` is deprecated. Please switch to `torch.compile` or `torch.export`.
  warnings.warn(
/content/dimer_isolated_env/lib/python3.12/site-packages/torch/jit/_script.py:1491: FutureWarning: `torch.jit.script` is deprecated. Please switch to `torch.compile` or `torch.export`.
  warnings.warn(
cuequivariance or cuequivariance_torch is not available. Cuequivariance acceleration will be disabled.
{'conversion': {'source': {'path': 'mace-mp-0b2-small.model', 'bytes': 67622684, 'sha256': 'd5773bf9440e96d6eb8c598f84bd0e6369fcfa432f626a87f890e07da3c651c9'}, 'converted': [{'path': 'mace-mp-0b2-small.config.json', 'bytes': 3279, 'sha256': '130b641179c5da6dbf6ec439b9c20661e3d60512007f6f2d42669d4f87fc9893'}, {'path': 'mace-mp-0b2-small.safetensors', 'bytes': 67400566, 'sha256': '2ed99065c4decf21613b7038dde6bda2b694b2f414012c0ca743f7ff7f86fe93'}], 'dropped_keys': ['pair_repulsion_fn.cutoff.p', 'pair_repulsion_fn.cutoff.r_max', 'pair_repulsion_fn.r_max'], 'added_flag_keys': ['products.0.symmetric_contractions.contractions.0.weights_0_zeroed', 'products.0.symmetric_contractions.contractions.0.weights_1_zeroed', 'products.0.symmetric_contractions.contractions.0.weights_max_zeroed', 'products.1.symmetric_contractions.contractions.0.weights_0_zeroed', 'products.1.symmetric_contractions.contractions.0.weights_1_zeroed', 'products.1.symmetric_contractions.contractions.0.weights_max_zeroed'], 'seconds': 2.06}}
{'device': 'cuda', 'source': 'converted from the manifest-verified source pickle'}
[colab] Executing cell 8/14 - mace_materials-17...
{'data_source': 'generated fcc supercells labelled by ase.calculators.emt.EMT (seed 42, 48 structures)', 'n_records': 48, 'n_atoms': 1536, 'compositions': {'Cu32': 16, 'Al32': 16, 'Al16Cu16': 16}}
{'elements': ['Al', 'Cu'], 'max_atoms': 32, 'labelled': True, 'digest': 'd2409300e9cfa1a0...'}
{'energy_per_atom_range_eV': (0.0108, 0.5372)}
{'split_mode': 'stratified', 'kept_together': 'composition', 'sizes': {'train': 27, 'val': 9, 'test': 12}}
{'train': ['Al16Cu16', 'Al32', 'Cu32']}
{'val': ['Al16Cu16', 'Al32', 'Cu32']}
{'test': ['Al16Cu16', 'Al32', 'Cu32']}
{'written': 'outputs/mace_materials_sample_dataset.xyz', 'example': {'name': 'Cu32-s+0.0084-r0.05-00', 'symbols': 'list[32]', 'positions': 'list[32]', 'cell': 'list[3]', 'pbc': 'list[3]', 'energy': 0.43281304737949, 'forces': 'list[32]', 'composition': 'Cu32', 'strain': 0.008365607907473024, 'rattle_sigma': 0.05, 'label_source': 'ase.calculators.emt.EMT'}}
{'validation': 'element support, finite coordinates, cell/pbc consistency and interatomic-distance and size ceilings only. Nothing checks that a structure is chemically sensible, charge-neutral or near equilibrium; a random cloud of supported atoms is scored without complaint'}
{'probe': 'unsupported element', 'rejected': 'structure[0]: element Po (Z=84) is outside the 89 elements MACE-MP-0 supports'}
{'probe': 'overlapping atoms', 'rejected': 'structure[0]: two atoms are 0.300 Å apart, below the 0.5 Å floor'}
{'probe': 'pbc without a cell', 'rejected': 'structure[0]: pbc requests periodicity but no cell is given'}
{'probe': 'malformed forces', 'rejected': 'structure[0]: forces must be a finite (32, 3) array within ±1000.0 eV/Å'}
[colab] Executing cell 9/14 - mace_materials-20...
{'structures': 8, 'seconds': 5.71, 'units': {'energy': 'eV', 'forces': 'eV/Å', 'stress': 'eV/Å³'}}
{'name': 'Cu16Al16-s-0.0200-r0.15-23', 'energy_eV': -121.9445, 'energy_per_atom_eV': -3.8108, 'reference_eV': 10.6741, 'max_force_eV_A': 5.4132, 'stress_diag_eV_A3': [-0.07295, -0.07229, -0.06873]}
{'rotation_energy_diff': '2.842e-14'}
{'rotation_force_diff': '1.843e-14'}
{'translation_energy_diff': '0.000e+00'}
{'permutation_energy_diff': '1.421e-14'}
{'permutation_force_diff': '5.107e-15'}
{'finite_difference_force': '-3.604e+00'}
{'analytic_force': '-3.604e+00'}
{'gradient_consistency_diff': '2.016e-08'}
{'extensivity_diff_per_atom': '0.000e+00'}
{'batch_vs_single_energy_diff': '0.000e+00'}
[colab] Executing cell 10/14 - mace_materials-23...
{'composition_baseline': {'energy_mae_per_atom': 0.0929, 'force_mae': 0.7376, 'e0_eV': {'Al': 0.0866, 'Cu': 0.2295}}}
{'zero_force_baseline': {'force_mae': 0.7376, 'force_rmse': 1.2401}}
{'frozen_foundation_model': {'energy_mae_per_atom': 3.9807, 'energy_rmse_per_atom': 3.986, 'force_mae': 0.2079, 'force_rmse': 0.3498}, 'seconds': 2.06}
[colab] Executing cell 11/14 - mace_materials-26...
{'reset_to_pretrained': {'reset_to': 'pinned base weights (converted pair, digest-verified)', 'was_adapted': False}}
{'epoch': 0, 'train_loss': None, 'val_loss': 2.255, 'val_energy_mae_per_atom': 0.09854, 'val_force_mae': 0.19665, 'note': 'frozen model after E0 calibration'}
{'epoch': 1, 'train_loss': 1.5224, 'val_loss': 1.1228, 'val_energy_mae_per_atom': 0.05143, 'val_force_mae': 0.17508}
{'epoch': 2, 'train_loss': 0.6944, 'val_loss': 0.6089, 'val_energy_mae_per_atom': 0.01213, 'val_force_mae': 0.14812}
{'epoch': 3, 'train_loss': 0.4114, 'val_loss': 0.5026, 'val_energy_mae_per_atom': 0.01698, 'val_force_mae': 0.13065}
{'epoch': 4, 'train_loss': 0.3303, 'val_loss': 0.3518, 'val_energy_mae_per_atom': 0.0096, 'val_force_mae': 0.11157}
{'epoch': 5, 'train_loss': 0.2422, 'val_loss': 0.2645, 'val_energy_mae_per_atom': 0.00837, 'val_force_mae': 0.09726}
{'epoch': 6, 'train_loss': 0.1847, 'val_loss': 0.2303, 'val_energy_mae_per_atom': 0.01133, 'val_force_mae': 0.08712}
{'epoch': 7, 'train_loss': 0.1578, 'val_loss': 0.1997, 'val_energy_mae_per_atom': 0.01086, 'val_force_mae': 0.08195}
{'epoch': 8, 'train_loss': 0.1354, 'val_loss': 0.1694, 'val_energy_mae_per_atom': 0.00759, 'val_force_mae': 0.07617}
{'trainable_parameters': 1919128, 'total_parameters': 8221984, 'best_epoch': 8, 'seconds': 25.6}
{'e0_calibration_eV': {'Al': 3.768, 'Cu': 4.1763}}
{'trainable_prefixes': ['readouts.', 'atomic_energies_fn.', 'scale_shift.', 'interactions.1.', 'products.1.']}
[colab] Executing cell 12/14 - mace_materials-29...
{'test_adapted': {'energy_mae_per_atom': 0.00725, 'energy_rmse_per_atom': 0.00953, 'force_mae': 0.07803, 'force_rmse': 0.12403}, 'n_structures': 12}
{'energy_mae_per_atom': {'composition_baseline': 0.09291, 'frozen_model': 3.98075, 'adapted': 0.00725}}
{'force_mae': {'zero_force_baseline': 0.7376, 'frozen_model': 0.20787, 'adapted': 0.07803}}
{'reading': {'energy_beats_composition_baseline': True, 'force_beats_frozen_model': True}, 'report': 'outputs/mace_materials_evaluation_report.json'}
[colab] Executing cell 13/14 - mace_materials-32...
{'new_source': 'freshly generated fcc supercells (seed 7), one per composition', 'adapted': True, 'uncertainty': 'none (point predictions, no out-of-domain flag)'}
{'name': 'Cu32-s-0.0106-r0.10', 'n_atoms': 32, 'energy_per_atom_eV': 0.1141, 'pressure_eV_A3': 0.05932, 'reference_per_atom_eV': 0.1115, 'force_mae_eV_A': 0.0278}
{'name': 'Al32-s+0.0231-r0.10', 'n_atoms': 32, 'energy_per_atom_eV': 0.0709, 'pressure_eV_A3': -0.02398, 'reference_per_atom_eV': 0.0596, 'force_mae_eV_A': 0.0265}
{'name': 'Cu16Al16-s+0.0074-r0.10', 'n_atoms': 32, 'energy_per_atom_eV': 0.1669, 'pressure_eV_A3': -0.01814, 'reference_per_atom_eV': 0.1548, 'force_mae_eV_A': 0.0786}
{'new_structures': {'energy_mae_per_atom': 0.00866, 'energy_rmse_per_atom': 0.00966, 'force_mae': 0.04432, 'force_rmse': 0.06732}, 'note': 'sanity check on generated structures, not an evaluation'}
{'artifact': 'outputs/mace_materials_adapter', 'format': 'org.valcorza.mace-materials.adapter.v1', 'tensors': 39, 'bytes': 16155811, 'sha256': 'fc8cda7ca0ef6f4c...'}
{'reload_parity': {'max_abs_energy_diff': 1.4210854715202004e-14, 'max_abs_force_diff': 9.298117831235686e-15}, 'reloaded_best_epoch': 8}
outputs/:
  - outputs/mace_materials_adapter/adapter.safetensors (15777.2 KB)
  - outputs/mace_materials_adapter/manifest.json (7.3 KB)
  - outputs/mace_materials_evaluation_report.json (8.2 KB)
  - outputs/mace_materials_predictions.json (12.5 KB)
  - outputs/mace_materials_result.json (4.2 KB)
  - outputs/mace_materials_sample_dataset.xyz (166.9 KB)
[colab] Executing cell 14/14 - mace_materials-35...
{'run': 'Section 7', 'trainable_blocks': 1, 'trainable_parameters': 1919128, 'epoch0_val_energy_mae': 0.09854, 'epoch0_val_force_mae': 0.19665, 'best_epoch': 8, 'test_energy_mae': 0.00725, 'test_force_mae': 0.07803, 'seconds': 25.6}
{'run': 'activity 1', 'trainable_blocks': 0, 'trainable_parameters': 2192, 'epoch0_val_energy_mae': 0.09854, 'epoch0_val_force_mae': 0.19665, 'best_epoch': 8, 'test_energy_mae': 0.0904, 'test_force_mae': 0.20745, 'seconds': 20.6}
{'epoch0_difference_eV_per_atom': 9.853229343548264e-16, 'activity_reload_parity': {'max_abs_energy_diff': 1.4210854715202004e-14, 'max_abs_force_diff': 5.9396931817445875e-15}}
[colab] Saving notebook with outputs to '/home/kurt/colab-runs/mace-materials-pipeline-888fe9e-fc13b9/mace_materials_colab_888fe9e_colab-cli-t4_output.ipynb'...
